Downstream segmentation
Host: fal016
Date: Mon Sep 21 07:01:12 PM EDT 2026
SLURM_JOB_ID=594069
SLURM_JOB_PARTITION=a30_normal_q
Regime=real_plus_br_lora_mean

Downstream segmentation training
==============================================================================
Regime: real_plus_br_lora_mean
Device: cuda
Seed: 42
Output directory: /home/bhanug/localized-medical-image-synthesis/checkpoints/downstream_segmentation/br_lora_mean/seed_42
Strict deterministic algorithms: True
CUBLAS_WORKSPACE_CONFIG: :4096:8
cuDNN deterministic: True
cuDNN benchmark: False
Real training slices: 41,460
Synthetic training cases: 10,000
Total training samples: 51,460
Validation slices: 5,735

==============================================================================
VALIDATION PASSED
No training was started.
No run output directory was created.
