Baseline mask signed-distance perturbation analysis
===================================================
Host                     : fal146
Date                     : Sun Sep 27 10:52:48 AM EDT 2026
Git commit               : ae33a3610a1c8b3ebd62132124a5012294ff89d8
SLURM_JOB_ID             : 601308
SLURM_JOB_PARTITION      : t4_normal_q
Conda environment        : brats-nnunet
Output                   : results/baseline_mask_sensitivity/signed_distance/signed_distance_perturbation_catalog.csv
Minimum radius           : -8
Maximum radius           : 8
Expected baseline slices : 19,941
Expected radii per slice : 17
Expected output rows     : 338,997
Model inference          : none

============================================================
BASELINE MASK SIGNED-DISTANCE PERTURBATIONS
============================================================
H5 root:               /scratch/bhanug/archive/BraTS2020_H5_Rebuilt
Manifest:              /scratch/bhanug/tumor_inpainting_doc/data/BraTS/BraTS20 Training Metadata.csv
Verified cohort size:  19,941
Slices to analyze:     19,941
Signed radii:          -8 .. +8 pixels
Radii per slice:       17
Expected output rows:  338,997
Distance convention:   scipy.ndimage.distance_transform_edt
Erosion rule:          keep foreground where EDT > |radius|
Dilation rule:         add background where EDT <= radius
Model inference:       none

Processed 1,000 / 19,941
Processed 2,000 / 19,941
Processed 3,000 / 19,941
Processed 4,000 / 19,941
Processed 5,000 / 19,941
Processed 6,000 / 19,941
Processed 7,000 / 19,941
Processed 8,000 / 19,941
Processed 9,000 / 19,941
Processed 10,000 / 19,941
Processed 11,000 / 19,941
Processed 12,000 / 19,941
Processed 13,000 / 19,941
Processed 14,000 / 19,941
Processed 15,000 / 19,941
Processed 16,000 / 19,941
Processed 17,000 / 19,941
Processed 18,000 / 19,941
Processed 19,000 / 19,941
Processed 19,941 / 19,941

Wrote 338,997 rows:
/home/bhanug/localized-medical-image-synthesis/results/baseline_mask_sensitivity/signed_distance/signed_distance_perturbation_catalog.csv
