Stage 6: controlled geometric perturbation topology audit
=========================================================
Host                     : fal003
Date                     : Sun Sep 27 05:48:28 PM EDT 2026
Git commit               : ae33a3610a1c8b3ebd62132124a5012294ff89d8
SLURM_JOB_ID             : 601667
SLURM_JOB_PARTITION      : a30_normal_q
CPUs                     : 8
Conda environment        : brats-nnunet
Expected baseline slices : 19,941
Expected radii per slice : 17
Expected audit rows      : 338,997
Model inference          : none
GPU computation          : none

================================================================
STAGE 6: CONTROLLED GEOMETRIC PERTURBATION TOPOLOGY AUDIT
================================================================
Input catalog:        /home/bhanug/localized-medical-image-synthesis/results/baseline_mask_sensitivity/signed_distance/signed_distance_perturbation_catalog.csv
H5 root:              /scratch/bhanug/archive/BraTS2020_H5_Rebuilt
Rows to audit:        338,997
Unique slices:        19,941
Radii:                -8, -7, -6, -5, -4, -3, -2, -1, +0, +1, +2, +3, +4, +5, +6, +7, +8
Topology connectivity:2
Model inference:       none

Processed 1,000 / 19,941 slices
Processed 2,000 / 19,941 slices
Processed 3,000 / 19,941 slices
Processed 4,000 / 19,941 slices
Processed 5,000 / 19,941 slices
Processed 6,000 / 19,941 slices
Processed 7,000 / 19,941 slices
Processed 8,000 / 19,941 slices
Processed 9,000 / 19,941 slices
Processed 10,000 / 19,941 slices
Processed 11,000 / 19,941 slices
Processed 12,000 / 19,941 slices
Processed 13,000 / 19,941 slices
Processed 14,000 / 19,941 slices
Processed 15,000 / 19,941 slices
Processed 16,000 / 19,941 slices
Processed 17,000 / 19,941 slices
Processed 18,000 / 19,941 slices
Processed 19,000 / 19,941 slices
Processed 19,941 / 19,941 slices

===== OUTPUTS =====
Audit:   /home/bhanug/localized-medical-image-synthesis/results/baseline_mask_sensitivity/signed_distance/signed_distance_topology_audit.csv
Summary: /home/bhanug/localized-medical-image-synthesis/results/baseline_mask_sensitivity/signed_distance/signed_distance_topology_summary.csv
Report:  /home/bhanug/localized-medical-image-synthesis/results/baseline_mask_sensitivity/signed_distance/signed_distance_topology_summary.txt

PASS: Stage-6 geometric perturbation topology audit completed.

=========================================================
STAGE 6 COMPLETE
=========================================================
End time: Sun Sep 27 06:02:06 PM EDT 2026
