Deterministic PEFT full-training run
====================================
Host                     : fal020
Date                     : Wed Sep 23 12:30:57 PM EDT 2026
Git commit               : ce37b69758a0d9bf1ada106879e7c081f37bcce6
SLURM_JOB_ID             : 597361
SLURM_JOB_PARTITION      : a30_normal_q
Method                   : bitfit
Conda environment        : brats-nnunet
Baseline config          : configs/baseline_patch_x0_full_train.yaml
Adaptation config        : configs/adaptation.yaml
Base checkpoint          : checkpoints/baseline/full_train/final_patch_x0_diffusion_full_train.pt
H5 root                  : /scratch/bhanug/archive/BraTS2020_H5_Rebuilt
Manifest                 : /scratch/bhanug/tumor_inpainting_doc/data/BraTS/BraTS20 Training Metadata.csv
Checkpoint directory     : checkpoints/peft/bitfit/full_train
Epoch target             : 50

Wed Sep 23 12:30:57 2026
+-----------------------------------------------------------------------------------------+
| NVIDIA-SMI 595.71.05              Driver Version: 595.71.05      CUDA Version: 13.2     |
+-----------------------------------------+------------------------+----------------------+
| GPU  Name                 Persistence-M | Bus-Id          Disp.A | Volatile Uncorr. ECC |
| Fan  Temp   Perf          Pwr:Usage/Cap |           Memory-Usage | GPU-Util  Compute M. |
|                                         |                        |               MIG M. |
|=========================================+========================+======================|
|   0  NVIDIA A30                     On  |   00000000:4A:00.0 Off |                    0 |
| N/A   25C    P0             33W /  165W |       0MiB /  24576MiB |      0%      Default |
|                                         |                        |             Disabled |
+-----------------------------------------+------------------------+----------------------+

+-----------------------------------------------------------------------------------------+
| Processes:                                                                              |
|  GPU   GI   CI              PID   Type   Process name                        GPU Memory |
|        ID   ID                                                               Usage      |
|=========================================================================================|
|  No running processes found                                                             |
+-----------------------------------------------------------------------------------------+

Found 19941 tumor-containing H5 slices.

==============================================================================
DETERMINISTIC ADAPTATION TRAINING STACK
==============================================================================

Method
------------------------------------------------------------------------------
Adaptation method         : bitfit
Adapted modules           : 0
Trainable tensors         : 42
Trainable parameters      : 3,553
Total parameters          : 991,361
Trainable percent         : 0.358396%

Paths
------------------------------------------------------------------------------
Baseline config           : /home/bhanug/localized-medical-image-synthesis/configs/baseline_patch_x0_full_train.yaml
Adaptation config         : /home/bhanug/localized-medical-image-synthesis/configs/adaptation.yaml
Base checkpoint           : /home/bhanug/localized-medical-image-synthesis/checkpoints/baseline/full_train/final_patch_x0_diffusion_full_train.pt
H5 root                   : /scratch/bhanug/archive/BraTS2020_H5_Rebuilt
Manifest                  : /scratch/bhanug/tumor_inpainting_doc/data/BraTS/BraTS20 Training Metadata.csv
Checkpoint dir            : /home/bhanug/localized-medical-image-synthesis/checkpoints/peft/bitfit/full_train

Protocol
------------------------------------------------------------------------------
Device                    : cuda
Seed                      : 42
Split mode                : full_train
Training samples          : 19,941
Batch size                : 8
Epochs                    : 50
Learning rate             : 0.0001
Weight decay              : 0.0
Outside loss weight       : 0.05
Diffusion timesteps       : 200
Epoch 1: train_loss=0.0007
Saved latest checkpoint to /home/bhanug/localized-medical-image-synthesis/checkpoints/peft/bitfit/full_train/latest.pt
Epoch 2: train_loss=0.0007
Saved latest checkpoint to /home/bhanug/localized-medical-image-synthesis/checkpoints/peft/bitfit/full_train/latest.pt
Epoch 3: train_loss=0.0007
Saved latest checkpoint to /home/bhanug/localized-medical-image-synthesis/checkpoints/peft/bitfit/full_train/latest.pt
Epoch 4: train_loss=0.0006
Saved latest checkpoint to /home/bhanug/localized-medical-image-synthesis/checkpoints/peft/bitfit/full_train/latest.pt
Epoch 5: train_loss=0.0006
Saved latest checkpoint to /home/bhanug/localized-medical-image-synthesis/checkpoints/peft/bitfit/full_train/latest.pt
Epoch 6: train_loss=0.0006
Saved latest checkpoint to /home/bhanug/localized-medical-image-synthesis/checkpoints/peft/bitfit/full_train/latest.pt
Epoch 7: train_loss=0.0006
Saved latest checkpoint to /home/bhanug/localized-medical-image-synthesis/checkpoints/peft/bitfit/full_train/latest.pt
Epoch 8: train_loss=0.0006
Saved latest checkpoint to /home/bhanug/localized-medical-image-synthesis/checkpoints/peft/bitfit/full_train/latest.pt
Epoch 9: train_loss=0.0006
Saved latest checkpoint to /home/bhanug/localized-medical-image-synthesis/checkpoints/peft/bitfit/full_train/latest.pt
Epoch 10: train_loss=0.0006
Saved latest checkpoint to /home/bhanug/localized-medical-image-synthesis/checkpoints/peft/bitfit/full_train/latest.pt
Epoch 11: train_loss=0.0006
Saved latest checkpoint to /home/bhanug/localized-medical-image-synthesis/checkpoints/peft/bitfit/full_train/latest.pt
Epoch 12: train_loss=0.0006
Saved latest checkpoint to /home/bhanug/localized-medical-image-synthesis/checkpoints/peft/bitfit/full_train/latest.pt
Epoch 13: train_loss=0.0006
Saved latest checkpoint to /home/bhanug/localized-medical-image-synthesis/checkpoints/peft/bitfit/full_train/latest.pt
Epoch 14: train_loss=0.0006
Saved latest checkpoint to /home/bhanug/localized-medical-image-synthesis/checkpoints/peft/bitfit/full_train/latest.pt
Epoch 15: train_loss=0.0006
Saved latest checkpoint to /home/bhanug/localized-medical-image-synthesis/checkpoints/peft/bitfit/full_train/latest.pt
Epoch 16: train_loss=0.0006
Saved latest checkpoint to /home/bhanug/localized-medical-image-synthesis/checkpoints/peft/bitfit/full_train/latest.pt
Epoch 17: train_loss=0.0006
Saved latest checkpoint to /home/bhanug/localized-medical-image-synthesis/checkpoints/peft/bitfit/full_train/latest.pt
Epoch 18: train_loss=0.0006
Saved latest checkpoint to /home/bhanug/localized-medical-image-synthesis/checkpoints/peft/bitfit/full_train/latest.pt
Epoch 19: train_loss=0.0006
Saved latest checkpoint to /home/bhanug/localized-medical-image-synthesis/checkpoints/peft/bitfit/full_train/latest.pt
Epoch 20: train_loss=0.0006
Saved latest checkpoint to /home/bhanug/localized-medical-image-synthesis/checkpoints/peft/bitfit/full_train/latest.pt
Epoch 21: train_loss=0.0006
Saved latest checkpoint to /home/bhanug/localized-medical-image-synthesis/checkpoints/peft/bitfit/full_train/latest.pt
Epoch 22: train_loss=0.0006
Saved latest checkpoint to /home/bhanug/localized-medical-image-synthesis/checkpoints/peft/bitfit/full_train/latest.pt
Epoch 23: train_loss=0.0006
Saved latest checkpoint to /home/bhanug/localized-medical-image-synthesis/checkpoints/peft/bitfit/full_train/latest.pt
Epoch 24: train_loss=0.0006
Saved latest checkpoint to /home/bhanug/localized-medical-image-synthesis/checkpoints/peft/bitfit/full_train/latest.pt
Epoch 25: train_loss=0.0006
Saved latest checkpoint to /home/bhanug/localized-medical-image-synthesis/checkpoints/peft/bitfit/full_train/latest.pt
Epoch 26: train_loss=0.0006
Saved latest checkpoint to /home/bhanug/localized-medical-image-synthesis/checkpoints/peft/bitfit/full_train/latest.pt
Epoch 27: train_loss=0.0006
Saved latest checkpoint to /home/bhanug/localized-medical-image-synthesis/checkpoints/peft/bitfit/full_train/latest.pt
Epoch 28: train_loss=0.0006
Saved latest checkpoint to /home/bhanug/localized-medical-image-synthesis/checkpoints/peft/bitfit/full_train/latest.pt
Epoch 29: train_loss=0.0006
Saved latest checkpoint to /home/bhanug/localized-medical-image-synthesis/checkpoints/peft/bitfit/full_train/latest.pt
Epoch 30: train_loss=0.0006
Saved latest checkpoint to /home/bhanug/localized-medical-image-synthesis/checkpoints/peft/bitfit/full_train/latest.pt
Epoch 31: train_loss=0.0006
Saved latest checkpoint to /home/bhanug/localized-medical-image-synthesis/checkpoints/peft/bitfit/full_train/latest.pt
Epoch 32: train_loss=0.0006
Saved latest checkpoint to /home/bhanug/localized-medical-image-synthesis/checkpoints/peft/bitfit/full_train/latest.pt
Epoch 33: train_loss=0.0006
Saved latest checkpoint to /home/bhanug/localized-medical-image-synthesis/checkpoints/peft/bitfit/full_train/latest.pt
Epoch 34: train_loss=0.0006
Saved latest checkpoint to /home/bhanug/localized-medical-image-synthesis/checkpoints/peft/bitfit/full_train/latest.pt
Epoch 35: train_loss=0.0006
Saved latest checkpoint to /home/bhanug/localized-medical-image-synthesis/checkpoints/peft/bitfit/full_train/latest.pt
Epoch 36: train_loss=0.0006
Saved latest checkpoint to /home/bhanug/localized-medical-image-synthesis/checkpoints/peft/bitfit/full_train/latest.pt
Epoch 37: train_loss=0.0006
Saved latest checkpoint to /home/bhanug/localized-medical-image-synthesis/checkpoints/peft/bitfit/full_train/latest.pt
Epoch 38: train_loss=0.0006
Saved latest checkpoint to /home/bhanug/localized-medical-image-synthesis/checkpoints/peft/bitfit/full_train/latest.pt
Epoch 39: train_loss=0.0006
Saved latest checkpoint to /home/bhanug/localized-medical-image-synthesis/checkpoints/peft/bitfit/full_train/latest.pt
Epoch 40: train_loss=0.0006
Saved latest checkpoint to /home/bhanug/localized-medical-image-synthesis/checkpoints/peft/bitfit/full_train/latest.pt
Epoch 41: train_loss=0.0006
Saved latest checkpoint to /home/bhanug/localized-medical-image-synthesis/checkpoints/peft/bitfit/full_train/latest.pt
Epoch 42: train_loss=0.0006
Saved latest checkpoint to /home/bhanug/localized-medical-image-synthesis/checkpoints/peft/bitfit/full_train/latest.pt
Epoch 43: train_loss=0.0006
Saved latest checkpoint to /home/bhanug/localized-medical-image-synthesis/checkpoints/peft/bitfit/full_train/latest.pt
Epoch 44: train_loss=0.0006
Saved latest checkpoint to /home/bhanug/localized-medical-image-synthesis/checkpoints/peft/bitfit/full_train/latest.pt
Epoch 45: train_loss=0.0006
Saved latest checkpoint to /home/bhanug/localized-medical-image-synthesis/checkpoints/peft/bitfit/full_train/latest.pt
Epoch 46: train_loss=0.0006
Saved latest checkpoint to /home/bhanug/localized-medical-image-synthesis/checkpoints/peft/bitfit/full_train/latest.pt
Epoch 47: train_loss=0.0006
Saved latest checkpoint to /home/bhanug/localized-medical-image-synthesis/checkpoints/peft/bitfit/full_train/latest.pt
Epoch 48: train_loss=0.0006
Saved latest checkpoint to /home/bhanug/localized-medical-image-synthesis/checkpoints/peft/bitfit/full_train/latest.pt
Epoch 49: train_loss=0.0006
Saved latest checkpoint to /home/bhanug/localized-medical-image-synthesis/checkpoints/peft/bitfit/full_train/latest.pt
Epoch 50: train_loss=0.0006
Saved latest checkpoint to /home/bhanug/localized-medical-image-synthesis/checkpoints/peft/bitfit/full_train/latest.pt

Saved final model to /home/bhanug/localized-medical-image-synthesis/checkpoints/peft/bitfit/full_train/final_bitfit_full_train.pt
